# Mineral Distances: 0: Very fast map (3x gathering speed), 1: fast map (2x gathering speed) 2: standard map, 3: slow map (0.75x gathering speed)

# --- Map ---
@MAP
	"Name" = "2 Player Lost Temple"
	"Max Locations" = "9"
	"Max Player" = "1"
@END

# --- Locations ---

@LOCATION "1"
	"Name" = "The wayne location"
	"Minerals" = "0"
	"Geysirs" = "0"
	"Mineral Distance" = "2"
	"Distances" = 0, 0, 0, 0, 0, 0, 0, 0, 0
@END

@LOCATION "2"
	"Name" = "Main"
    "Minerals" = "8"
    "Geysirs" = "1"
	"Mineral Distance" = "2"
	"Distances" = 0, 0, 15, 25, 50, 75, 85, 100, 35
@END

@LOCATION "3"
	"Name" = "Front"
    "Minerals" = "0"
    "Geysirs" = "0"
	"Mineral Distance" = "2"
	"Distances" = 0, 15, 0, 10, 35, 60, 70, 85, 25
@END
                                                                                                                                                            
@LOCATION "4"
	"Name" = "Expansion"
    "Minerals" = "8"
    "Geysirs" = "1"
	"Mineral Distance" = "2"
	"Distances" = 0, 25, 10, 0, 40, 65, 75, 90, 30
@END                                                                                                                                                            
@LOCATION "5"
	"Name" = "Center"
    "Minerals" = "0"
    "Geysirs" = "0"
	"Mineral Distance" = "2"
	"Distances" = 0, 50, 35, 40, 0, 40, 35, 50, 0
@END
                                                                                                                                                         
@LOCATION "6"
	"Name" = "Enemy Expansion"
    "Minerals" = "8"
    "Geysirs" = "1"
	"Mineral Distance" = "2"
	"Distances" = 0, 75, 60, 65, 40, 0, 10, 25, 30
@END
                                                                                                                                                            
@LOCATION "7"
	"Name" = "Enemy Front"
    "Minerals" = "0"
    "Geysirs" = "0"
	"Mineral Distance" = "2"
	"Distances" = 0, 85, 70, 75, 35, 10, 0, 15, 25
@END
                                                                                                                                                            
@LOCATION "8"
	"Name" = "Enemy Main"
    "Minerals" = "8"
    "Geysirs" = "1"
	"Mineral Distance" = "2"
	"Distances" = 0, 100, 85, 90, 50, 25, 15, 0, 35
@END
                                                                                                                                                            
@LOCATION "9"
	"Name" = "Air Center"
    "Minerals" = "0"
    "Geysirs" = "0"
	"Mineral Distance" = "2"
	"Distances" = 0, 35, 25, 30, 0, 30, 25, 35, 0
@END

